../Core/Src/main.c:72:6:HAL_UART_RxCpltCallback	32	static
../Core/Src/main.c:121:6:delay	16	static
../Core/Src/main.c:136:6:Set_Pin_Output	40	static
../Core/Src/main.c:145:6:Set_Pin_Input	40	static
../Core/Src/main.c:153:6:DHT11_Start	16	static
../Core/Src/main.c:162:9:DHT11_Check_Response	24	static
../Core/Src/main.c:177:9:DHT11_Read	24	static
../Core/Src/main.c:199:6:HAL_GPIO_EXTI_Callback	16	static
../Core/Src/main.c:229:5:main	32	static
../Core/Src/main.c:316:6:SystemClock_Config	88	static
../Core/Src/main.c:363:13:MX_TIM3_Init	32	static
../Core/Src/main.c:408:13:MX_USART1_UART_Init	8	static
../Core/Src/main.c:441:13:MX_USART2_UART_Init	8	static
../Core/Src/main.c:474:13:MX_GPIO_Init	48	static
../Core/Src/main.c:550:6:Error_Handler	4	static,ignoring_inline_asm
